../Core/Src/main.c:286:5:main	8	static,ignoring_inline_asm
../Core/Src/main.c:378:6:SystemClock_Config	88	static
../Core/Src/main.c:423:6:HAL_TIM_IC_CaptureCallback	16	static
../Core/Src/main.c:427:6:HAL_GPIO_EXTI_Callback	16	static
../Core/Src/main.c:435:6:MS5611_BAR_init	8	static
../Core/Src/main.c:448:6:ICM20948_IMU_init	8	static
../Core/Src/main.c:473:6:Filter_init	16	static
../Core/Src/main.c:488:6:PID_init	8	static
../Core/Src/main.c:501:6:HC05_PROCESS	112	static
../Core/Src/main.c:547:6:MTF01P_PROCESS	8	static
../Core/Src/main.c:563:6:ICM20948_IMU	24	static
../Core/Src/main.c:614:6:MS5611_BAR	8	static
../Core/Src/main.c:688:6:PID_CONTROLLER	8	static
../Core/Src/main.c:802:6:PID_POSITION_PROCESS	8	static
../Core/Src/main.c:814:6:PID_VELOCITY_PROCESS	8	static
../Core/Src/main.c:826:6:PID_YAW_PROCESS	8	static
../Core/Src/main.c:837:6:PID_ANGLE_PROCESS	8	static
../Core/Src/main.c:857:6:PID_RATE_PROCESS	8	static
../Core/Src/main.c:877:6:PID_HEIGHT_PROCESS	24	static
../Core/Src/main.c:900:6:PID_VELH_PROCESS	8	static
../Core/Src/main.c:913:6:MOTOR_CONTROLLER	16	static
../Core/Src/main.c:945:6:MS5611_s	16	static
../Core/Src/main.c:960:6:ICM20948_s	16	static
../Core/Src/main.c:981:6:Error_Handler	4	static,ignoring_inline_asm
