../Core/Src/main.c:297:5:main	8	static,ignoring_inline_asm
../Core/Src/main.c:390:6:SystemClock_Config	88	static
../Core/Src/main.c:435:6:HAL_TIM_IC_CaptureCallback	16	static
../Core/Src/main.c:439:6:HAL_GPIO_EXTI_Callback	16	static
../Core/Src/main.c:447:6:MS5611_BAR_init	8	static
../Core/Src/main.c:460:6:ICM20948_IMU_init	8	static
../Core/Src/main.c:485:6:Filter_init	16	static
../Core/Src/main.c:499:6:PID_init	8	static
../Core/Src/main.c:513:6:HC05_PROCESS	112	static
../Core/Src/main.c:559:6:MTF01P_PROCESS	8	static
../Core/Src/main.c:575:6:ICM20948_IMU	32	static
../Core/Src/main.c:627:6:MS5611_BAR	8	static
../Core/Src/main.c:701:6:PID_CONTROLLER	8	static
../Core/Src/main.c:815:6:PID_POSITION_PROCESS	8	static
../Core/Src/main.c:828:6:PID_VELOCITY_PROCESS	8	static
../Core/Src/main.c:840:6:PID_YAW_PROCESS	8	static
../Core/Src/main.c:851:6:PID_ANGLE_PROCESS	8	static
../Core/Src/main.c:871:6:PID_RATE_PROCESS	8	static
../Core/Src/main.c:891:6:PID_HEIGHT_PROCESS	24	static
../Core/Src/main.c:914:6:PID_VELH_PROCESS	8	static
../Core/Src/main.c:927:6:MOTOR_CONTROLLER	24	static
../Core/Src/main.c:959:6:MS5611_s	16	static
../Core/Src/main.c:974:6:ICM20948_s	16	static
../Core/Src/main.c:989:6:MTF01P_s	16	static
../Core/Src/main.c:1010:6:Error_Handler	4	static,ignoring_inline_asm
